[online.citi.com/US/JPS/portal/Index.html]
[online.citi.com/JFP/amw/amw.js]
[backblue.gif]
[fade.gif]
[index.html]
[online.citi.com/CBOL/portal/layout/js/jquery-combined.min.js]
[online.citi.com/JFP/js/widgets/jfp.branding.js]
[online.citi.com/JPS/portal/js/cssPref.js]
[online.citi.com/JFP/js/widgets/jfp.widgets.js]
[online.citi.com/JPS/portal/js/SitecatCampaigns.js]
[online.citi.com/GFC/common/js/citi_Common.js]
[online.citi.com/JPS/portal/js/JFPNav.js]
[online.citi.com/JFP/js/jquery/plugins/jquery.autocomplete.js]
[online.citi.com/JRS/js/verisign.js]
[online.citi.com/JFP/css/common/JPPTemp.css]
[online.citi.com/JRS/css/US-Regional.css]
[online.citi.com/GFC/branding/css/branding_main.css]
[nexus.ensighten.com/citi/na_prod/Bootstrap.js]
[online.citi.com/US/JPS/portal/NoCookie4f62.html]
[online.citi.com/US/JPS/portal/Index4f62.html]
[online.citi.com/JRS/js/mbox.js]
[online.citi.com/GFC/branding/img/citilogo_branding_60x35.png]
[online.citi.com/JPS/portal/css/BrowserUpgrade.css]
[online.citi.com/US/JPS/portal/BrowserWarning.html]
[online.citi.com/JSO/js/signon.js]
[online.citi.com/JFP/js/modules/jfpm.autocomplete.off.js]
[online.citi.com/JRS/css/marketing/signon.css]
[online.citi.com/US/JPS/portal/mktbgEN4.jpg]
[online.citi.com/US/JPS/portal/mktbgEN5.jpg]
[online.citi.com/JRS/js/welcome.js]
[online.citi.com/JFP/js/jquery/plugins/fieldValidation.js]
[online.citi.com/JSO/js/SCFormElementReporting.js]
[online.citi.com/JSO/js/signonUnamePwdMyCiti.js]
[online.citi.com/JSO/js/fp.js]
[mpsnare.iesnare.com/snare.js]
[online.citi.com/JRS/cm/js2/bauble.js]
[online.citi.com/JRS/images/pixel.gif]
[online.citi.com/JRS/images/signon/spoofbannerAd_en.png]
[online.citi.com/DMP/LoginBkDmp.js]
[online.citi.com/JPS/portal/js/MFAOverlay.js]
[online.citi.com/JFP/images/overlay_stripe_bg.png]
[online.citi.com/CBOL/common/images/loading.gif]
[online.citi.com/JRS/images/citi-logo.png]
[online.citi.com/JRS/images/marketing/footer.png]
[online.citi.com/JRS/images/MemberFDIC.png]
[online.citi.com/JRS/images/EqualHousing.png]
[online.citi.com/JRS/images/AdChoices.png]
[online.citi.com/TeaLeaf/js/tealeaf.test.3.1.0.1520.W3C.Sizzle.js]
[online.citi.com/GFC/branding/js/linkCapture.js]
[online.citi.com/GFC/branding/js/branding_universal_megaMenu.js]
[online.citi.com/JRS/js/btAdServe.js]
[online.citi.com/DMP/BkDmp.js]
[online.citi.com/US/JPS/portal/Index.html]
[online.citi.com/JRS/js/s_code.js]
[online.citi.com/JFP/amw/amw.js]
[online.citi.com/CBOL/portal/layout/js/jquery-combined.min.js]
[online.citi.com/JFP/js/widgets/jfp.branding.js]
[online.citi.com/JPS/portal/js/cssPref.js]
[online.citi.com/JFP/js/widgets/jfp.widgets.js]
[online.citi.com/JPS/portal/js/SitecatCampaigns.js]
[online.citi.com/US/JPS/portal/spacer.gif]
[online.citi.com/US/JPS/portal/POST]
[online.citi.com/US/JPS/portal/GET]
[online.citi.com/GFC/common/js/citi_Common.js]
[online.citi.com/JPS/portal/js/JFPNav.js]
[online.citi.com/JFP/js/jquery/plugins/jquery.autocomplete.js]
[online.citi.com/images/verisignseal.gif]
[online.citi.com/US/JPS/portal/getverisignsealimage.js]
[online.citi.com/JRS/js/verisign.js]
[online.citi.com/JFP/images/global_sprite.png]
[online.citi.com/JFP/images/horizontal_sprite.png]
[online.citi.com/JFP/images/left_column_shdw_sprite.png]
[online.citi.com/JFP/css/common/global/images/jfpw.datepicker.png]
[online.citi.com/JFP/images/citiFastIcons.png]
[online.citi.com/JFP/images/widgets/jfpw.overlay.stripe.bg.png]
[online.citi.com/JFP/images/widgets/widget_sprite.png]
[online.citi.com/JFP/images/widgets/ui-bg_glass_75_dadada_1x400.png]
[online.citi.com/JFP/images/widgets/ui-bg_glass_65_ffffff_1x400.png]
[online.citi.com/JFP/images/widgets/ui-bg_inset-soft_95_fef1ec_1x100.png]
[online.citi.com/JFP/images/widgets/ui-icons_222222_256x240.png]
[online.citi.com/JFP/images/widgets/ui-icons_888888_256x240.png]
[online.citi.com/JFP/images/widgets/ui-icons_454545_256x240.png]
[online.citi.com/JFP/images/widgets/ui-icons_2e83ff_256x240.png]
[online.citi.com/JFP/images/widgets/ui-icons_cd0a0a_256x240.png]
[online.citi.com/JFP/images/widgets/ui-bg_flat_75_ffffff_40x100.png]
[online.citi.com/JFP/images/widgets/ui-bg_dots-medium_20_aaaaaa_4x4.png]
[online.citi.com/JFP/images/widgets/jfpw.uxf.close.default.png]
[online.citi.com/JFP/images/widgets/jfpw.uxf.close.focus.png]
[online.citi.com/JFP/images/widgets/jfpw.overlay.shdw_tl_corner.png]
[online.citi.com/JFP/images/widgets/jfpw.overlay.shdw_top_left.png]
[online.citi.com/JFP/images/widgets/jfpw.overlay.shdw_top_mid.png]
[online.citi.com/JFP/images/widgets/jfpw.overlay.shdw_top_right.png]
[online.citi.com/JFP/images/widgets/jfpw.overlay.shdw_tr_corner.png]
[online.citi.com/JFP/images/widgets/jfpw.overlay.shdw_left_top.png]
[online.citi.com/JFP/images/widgets/jfpw.overlay.shdw_left_mid.png]
[online.citi.com/JFP/images/widgets/jfpw.overlay.shdw_left_btm.png]
[online.citi.com/JFP/images/widgets/jfpw.overlay.shdw_right_top.png]
[online.citi.com/JFP/images/widgets/jfpw.overlay.shdw_right_mid.png]
[online.citi.com/JFP/images/widgets/jfpw.overlay.shdw_right_btm.png]
[online.citi.com/JFP/images/widgets/jfpw.overlay.shdw_bl_corner.png]
[online.citi.com/JFP/images/widgets/jfpw.overlay.shdw_btm_left.png]
[online.citi.com/JFP/images/widgets/jfpw.overlay.shdw_btm_mid.png]
[online.citi.com/JFP/images/widgets/jfpw.overlay.shdw_btm_right.png]
[online.citi.com/JFP/images/widgets/jfpw.overlay.shdw_br_corner.png]
[online.citi.com/JFP/images/widgets/ui-icons_ffffff_256x240.png]
[online.citi.com/JFP/images/widgets/jfpw.datepicker.prev.png]
[online.citi.com/JFP/images/widgets/jfpw.datepicker.next.png]
[online.citi.com/JFP/images/widgets/jfpw.datepicker.closebtn.default.png]
[online.citi.com/JFP/images/widgets/jfpw.datepicker.closebtn.focus.png]
[online.citi.com/JFP/images/widgets/jfpw.datepicker.png]
[online.citi.com/JFP/images/widgets/next-vertical.png]
[online.citi.com/JFP/images/widgets/prev-vertical.png]
[online.citi.com/JFP/images/widgets/jfpw.select.dropdown.icon.png]
[online.citi.com/JFP/images/widgets/jfpw.select-bottom-round-white.png]
[online.citi.com/JFP/images/widgets/Dropdown_Arrow.png]
[online.citi.com/JFP/images/widgets/slider_sprite.gif]
[online.citi.com/JFP/images/widgets/previous.png]
[online.citi.com/JFP/images/widgets/next.png]
[online.citi.com/JFP/images/widgets/sprevious.png]
[online.citi.com/JFP/images/widgets/snext.png]
[online.citi.com/JFP/images/widgets/graydot.png]
[online.citi.com/JFP/images/widgets/cyandot.png]
[online.citi.com/JFP/images/widgets/leftcyanarrow.png]
[online.citi.com/JFP/images/widgets/rightcyanarrow.png]
[online.citi.com/JFP/images/widgets/nodot.png]
[online.citi.com/JFP/images/widgets/jfpw-shadow-button-blue.png]
[online.citi.com/JFP/images/widgets/slider_sprite_horizontal.png]
[online.citi.com/JFP/images/widgets/jfpw-blue-slider-horizontal-bg.png]
[online.citi.com/JFP/images/widgets/jfpw-blue-slider-horizontal.png]
[online.citi.com/JFP/images/widgets/jfpw-blue-slider-vertical-bg.png]
[online.citi.com/JFP/images/widgets/jfpw-blue-slider-vertical.png]
[online.citi.com/JFP/images/widgets/jfpw.tooltip.close.png]
[online.citi.com/JFP/images/widgets/jfpw.tooltip.rapid.close.png]
[online.citi.com/JFP/css/common/ellipsis-xbl.xml]
[online.citi.com/JFP/images/widgets/jfpw-panel-toggle-sprite-white.png]
[online.citi.com/JFP/images/widgets/spinner-up.png]
[online.citi.com/JFP/images/widgets/spinner-down.png]
[online.citi.com/JFP/images/widgets/jfpw-spinner-small.gif]
[online.citi.com/JFP/images/widgets/jfpw-spinner-medium.gif]
[online.citi.com/JFP/images/widgets/jfpw-spinner-large.gif]
[online.citi.com/JFP/images/widgets/widedots.gif]
[online.citi.com/JFP/images/widgets/jfpw-magnifier-zoom-out.gif]
[online.citi.com/JFP/images/widgets/jfpw-magnifier-zoom-in.gif]
[online.citi.com/JFP/images/widgets/jfpw-lightgrid-both.gif]
[online.citi.com/JFP/images/widgets/jfpw-lightgrid-asc.gif]
[online.citi.com/JFP/images/widgets/jfpw-lightgrid-desc.gif]
[online.citi.com/JFP/images/widgets/arrows-ffffff.png]
[online.citi.com/JFP/images/widgets/menu_arrow.png]
[online.citi.com/JFP/images/widgets/jfpw-menu-item-hoover.png]
[online.citi.com/JFP/images/widgets/submenu_arrow.png]
[online.citi.com/JFP/images/widgets/jfpw-menu-white-back.png]
[online.citi.com/JFP/images/widgets/jfpw.menu.globalmenu.png]
[online.citi.com/JFP/images/widgets/jfpw.menu.bluebackground.png]
[online.citi.com/JFP/images/widgets/jfpw.menu.paymentsmenu.arrow.png]
[online.citi.com/JFP/images/widgets/jfpw-megamenu-bg-citi.png]
[online.citi.com/JFP/images/widgets/jfpw-megamenu-tl-round-corner.png]
[online.citi.com/JFP/images/widgets/jfpw-megamenu-lock.png]
[online.citi.com/JFP/images/widgets/jfpw-megamenu-down-arrow.png]
[online.citi.com/JFP/images/widgets/overlay_stripe_bg.png]
[online.citi.com/JFP/images/widgets/cyanarrow.png]
[online.citi.com/JFP/images/widgets/jfpw-megamenu-tip.png]
[online.citi.com/JFP/images/widgets/jfpw-megamenu-bottom-round-corner.png]
[online.citi.com/JFP/images/widgets/jfpw-megamenu-stripe-tr-round-corner.png]
[online.citi.com/JFP/images/widgets/jfpw-megamenu-round-white-all.png]
[online.citi.com/JFP/css/common/JPPTemp.css]
[online.citi.com/JFP/images/jquery/plugins/modal-overlay-l.png]
[online.citi.com/JFP/images/jquery/plugins/modal-overlay-l.gif]
[online.citi.com/JFP/images/jquery/plugins/modal-overlay-r.png]
[online.citi.com/JFP/images/jquery/plugins/modal-overlay-r.gif]
[online.citi.com/JFP/images/jquery/plugins/modal-overlay-b.png]
[online.citi.com/JFP/images/jquery/plugins/modal-overlay-b.gif]
[online.citi.com/JFP/images/jquery/plugins/modal-overlay-cbl.png]
[online.citi.com/JFP/images/jquery/plugins/modal-overlay-cbl.gif]
[online.citi.com/JFP/images/jquery/plugins/modal-overlay-cbr.png]
[online.citi.com/JFP/images/jquery/plugins/modal-overlay-cbr.gif]
[online.citi.com/JFP/images/jquery/plugins/modal-overlay-t.png]
[online.citi.com/JFP/images/jquery/plugins/modal-overlay-t.gif]
[online.citi.com/JFP/images/jquery/plugins/modal-overlay-ctl.png]
[online.citi.com/JFP/images/jquery/plugins/modal-overlay-ctl.gif]
[online.citi.com/JFP/images/jquery/plugins/modal-overlay-ctr.png]
[online.citi.com/JFP/images/jquery/plugins/modal-overlay-ctr.gif]
[online.citi.com/JRS/css/indicator.gif]
[online.citi.com/GFC/branding/img/cardasboa_sprite.png]
[online.citi.com/JRS/css/US-Regional.css]
[online.citi.com/JRS/images/sprites/horizontal_sprite.png]
[online.citi.com/GFC/branding/img/bg-branding-banner.jpg]
[online.citi.com/GFC/branding/img/bg-marketing-banner.jpg]
[online.citi.com/GFC/branding/img/bg-business-banner.jpg]
[online.citi.com/GFC/branding/img/megamenu_tile.gif]
[online.citi.com/GFC/branding/img/icon-down-tick.gif]
[online.citi.com/GFC/branding/img/tile-diagonal-lines-dark.gif]
[online.citi.com/GFC/branding/img/flyout-tile-c.jpg]
[online.citi.com/GFC/branding/img/icon-lock.gif]
[online.citi.com/GFC/branding/img/bg-nav-link-off.gif]
[online.citi.com/GFC/branding/img/bg-nav-link-on.gif]
[online.citi.com/GFC/branding/img/menu-arrow.gif]
[online.citi.com/GFC/branding/img/red_lock.png]
[online.citi.com/GFC/branding/img/white_lock.png]
[online.citi.com/GFC/branding/img/ie7-ie8/flyout-l.png]
[online.citi.com/GFC/branding/img/ie7-ie8/flyout-c.png]
[online.citi.com/GFC/branding/img/ie7-ie8/flyout-r.png]
[online.citi.com/GFC/branding/img/ie7-ie8/flyout-bl.png]
[online.citi.com/GFC/branding/img/ie7-ie8/flyout-b.png]
[online.citi.com/GFC/branding/img/ie7-ie8/flyout-br.png]
[online.citi.com/GFC/branding/img/ie7-ie8/finder-bl.png]
[online.citi.com/GFC/branding/img/ie7-ie8/finder-b.png]
[online.citi.com/GFC/branding/img/ie7-ie8/finder-br.png]
[online.citi.com/GFC/branding/img/ie7-ie8/bg-messages-top.png]
[online.citi.com/GFC/branding/img/ie7-ie8/messages-bl.png]
[online.citi.com/GFC/branding/img/ie7-ie8/messages-b.png]
[online.citi.com/GFC/branding/img/ie7-ie8/messages-br.png]
[online.citi.com/GFC/branding/img/ie7-ie8/sign-on-bl.png]
[online.citi.com/GFC/branding/img/ie7-ie8/sign-on-b.png]
[online.citi.com/GFC/branding/img/ie7-ie8/sign-on-br.png]
[online.citi.com/GFC/branding/img/megamenu_h.png]
[online.citi.com/GFC/branding/img/megamenu_v.png]
[online.citi.com/JRS/images/marketing/icon-quota-lft.jpg]
[online.citi.com/JRS/images/marketing/icon-quota-rgt.jpg]
[online.citi.com/GFC/branding/css/indicator.gif]
[online.citi.com/CBOL/common/images/global_sprite.png]
[online.citi.com/JRS/images/sprites/content_sprite.png]
[online.citi.com/GFC/branding/img/att_branding/attbranding_bg.jpg]
[online.citi.com/JRS/images/sprites/social_network_sprite.png]
[online.citi.com/GFC/branding/img/bg-nav-sprite.png]
[online.citi.com/GFC/branding/img/arrow.gif]
[online.citi.com/GFC/branding/img/nav-button-sprite.png]
[online.citi.com/GFC/branding/img/ATT-nav-button-sprite.png]
[online.citi.com/GFC/branding/img/slider-sprite.png]
[online.citi.com/GFC/branding/img/message-sprite.png]
[online.citi.com/GFC/branding/img/bar-person-update.png]
[online.citi.com/GFC/branding/img/ATT-bar-person-update.png]
[online.citi.com/GFC/branding/img/notifications-sprite-update.png]
[online.citi.com/NCCS/cardasboa/img/feedback_background.png]
[online.citi.com/JFP/images/Mouse.jpg]
[online.citi.com/GFC/branding/css/branding_main.css]
[nexus.ensighten.com/citi/na_prod/Bootstrap.js]
[online.citi.com/JFP/css/CBOLClassic.min.css]
[online.citi.com/US/JPS/portal/AppleWebKit/index.html]
[online.citi.com/US/JPS/portal/NoCookiebee8.html]
[online.citi.com/US/JPS/portal/Indexbee8.html]
[online.citi.com/GFC/branding/css/branding_plain.css]
[online.citi.com/GFC/branding/img/citilogo_branding_blue_60x35.gif]
[online.citi.com/JRS/cm/js/branding_text_en_US.js]
[online.citi.com/JRS/js/print_branding.js]
[online.citi.com/JFP/images/spacer.gif]
[online.citi.com/JRS/css/errorMessages.css]
[online.citi.com/JRS/images/errorMessages.png]
[online.citi.com/US/JPS/portal/NoCookie.html]
[online.citi.com/GFC/branding/js/branding_universal.js]
[online.citi.com/US/JPS/portal/NoCookie4f62.html]
[online.citi.com/US/JPS/portal/NoCookie3f90.html]
[online.citi.com/US/JPS/portal/Index3f90.html]
[online.citi.com/US/JPS/portal/Index4f62.html]
[online.citi.com/JRS/js/mbox.js]
[online.citi.com/JFP/images/widgets/jfpw.uxfta-sprite.png]
[online.citi.com/JPS/portal/css/BrowserUpgrade.css]
[online.citi.com/JFP/js/jquery/plugins/modal-overlay-ao.js]
[online.citi.com/JRS/som/js/contextualOffers.js]
[online.citi.com/JRS/cm/js/sniffer.js]
[online.citi.com/US/JPS/portal/CMUrlTag returned null for contentId_PlainMKTBranding, appId_USCBOL]
[online.citi.com/JPS/portal/images/pixel.gif]
[online.citi.com/JRS/css/BrowserWarn/browserWarn_LeftSide.css]
[online.citi.com/JRS/js/chat/mtagconfig.js]
[online.citi.com/US/JPS/portal/BrowserWarning.html]
[online.citi.com/JSO/js/signon.js]
[online.citi.com/JFP/js/modules/jfpm.autocomplete.off.js]
[online.citi.com/JRS/images/LargeWhiteCarat.png]
[online.citi.com/JRS/images/common/bg-blue-chat-button.gif]
[online.citi.com/JRS/images/bottom-shade.png]
[online.citi.com/JRS/images/sign-on-bottom.png]
[online.citi.com/JRS/images/sign-on-body-5x5.png]
[online.citi.com/JRS/images/tick-white-right.png]
[online.citi.com/JRS/images/bg-blue-chat-button.gif]
[online.citi.com/JRS/images/sign-on-bg.png]
[online.citi.com/JRS/images/tick-white-bottom.png]
[online.citi.com/JRS/images/bg-more-flyout.png]
[online.citi.com/GFC/branding/img/ie7-ie8/flyout-tr.png]
[online.citi.com/JRS/images/sprite.png]
[online.citi.com/GFC/branding/img/ie7-ie8/flyout-borders.png]
[online.citi.com/GFC/branding/img/ie7-ie8/flyout-shadows.png]
[online.citi.com/GFC/branding/img/icon-warning.png]
[online.citi.com/JRS/css/marketing/signon.css]
[online.citi.com/US/JPS/portal/mktbgEN4.html]
[online.citi.com/US/JPS/portal/mktbgEN5.html]
[online.citi.com/JRS/js/welcome.js]
[online.citi.com/JFP/js/jquery/plugins/fieldValidation.js]
[online.citi.com/JSO/js/SCFormElementReporting.js]
[online.citi.com/JSO/js/signonUnamePwdMyCiti.js]
[online.citi.com/JSO/js/fp.js]
[online.citi.com/JRS/cm/js2/bauble.js]
[online.citi.com/DMP/LoginBkDmp.js]
[online.citi.com/JPS/portal/js/MFAOverlay.js]
[online.citi.com/TeaLeaf/js/tealeaf.test.3.1.0.1520.W3C.Sizzle.js]
[online.citi.com/GFC/branding/js/linkCapture.js]
[online.citi.com/US/JPS/portal/signon_pbg.gif]
[online.citi.com/US/JPS/portal/signoff_pbg.gif]
[online.citi.com/GFC/branding/js/branding_universal_megaMenu.js]
[online.citi.com/JRS/js/btAdServe.js]
[online.citi.com/DMP/BkDmp.js]
[online.citi.com/JRS/js/s_code.js]
[online.citi.com/US/JPS/portal/spacer.html]
[online.citi.com/US/JPS/portal/POST.html]
[online.citi.com/US/JPS/portal/GET.html]
[online.citi.com/images/verisignseal.html]
[online.citi.com/US/JPS/portal/getverisignsealimage.html]
[online.citi.com/JFP/css/common/global/images/jfpw.datepicker.html]
[online.citi.com/JFP/images/widgets/previous.html]
[online.citi.com/JFP/images/widgets/next.html]
[online.citi.com/JFP/images/widgets/sprevious.html]
[online.citi.com/JFP/images/widgets/snext.html]
[online.citi.com/JFP/css/common/ellipsis-xbl.html]
[online.citi.com/JFP/images/widgets/arrows-ffffff.html]
[online.citi.com/JRS/css/indicator.html]
[online.citi.com/GFC/branding/css/indicator.html]
[online.citi.com/GFC/branding/img/message-sprite.html]
[online.citi.com/GFC/branding/img/bar-person-update.html]
[online.citi.com/GFC/branding/img/ATT-bar-person-update.html]
[online.citi.com/GFC/branding/img/notifications-sprite-update.html]
[online.citi.com/US/JPS/portal/AppleWebKit/index.html]
[online.citi.com/JFP/css/CBOLClassic.min.css]
[online.citi.com/US/JPS/portal/NoCookiebee8.html]
[online.citi.com/US/JPS/portal/Indexbee8.html]
[online.citi.com/GFC/branding/css/branding_plain.css]
[online.citi.com/JRS/cm/js/branding_text_en_US.js]
[online.citi.com/JRS/js/print_branding.js]
[online.citi.com/JRS/css/errorMessages.css]
[online.citi.com/US/JPS/portal/NoCookie.html]
[online.citi.com/GFC/branding/js/branding_universal.js]
[online.citi.com/US/JPS/portal/NoCookie3f90.html]
[online.citi.com/US/JPS/portal/Index3f90.html]
[online.citi.com/JFP/js/jquery/plugins/modal-overlay-ao.js]
[online.citi.com/JRS/som/js/contextualOffers.js]
[online.citi.com/JRS/cm/js/sniffer.js]
[online.citi.com/US/JPS/portal/CMUrlTag returned null for contentId_PlainMKTBranding, appId_USCBOL.html]
[online.citi.com/JRS/css/BrowserWarn/browserWarn_LeftSide.css]
[online.citi.com/JRS/js/chat/mtagconfig.js]
[online.citi.com/US/JPS/portal/signon_pbg.html]
[online.citi.com/US/JPS/portal/signoff_pbg.html]
