[onlineservices.wellsfargo.com/auth/login/present.html]
[backblue.gif]
[fade.gif]
[index.html]
[onlineservices.wellsfargo.com/auth/static/wfa/css/signon_clean.min.css]
[onlineservices.wellsfargo.com/auth/static/prefs/login-userprefs.min.js]
[www10.wellsfargomedia.com/auth/static/signon/img/logo_62sq.gif]
[www10.wellsfargomedia.com/auth/static/images/shim.gif]
[onlineservices.wellsfargo.com/auth/static/scripts/jquery.js]
[onlineservices.wellsfargo.com/auth/login/present.html]
[onlineservices.wellsfargo.com/auth/static/scripts/popover.js]
[onlineservices.wellsfargo.com/auth/static/wfa/css/images/left_nav_dot.gif]
[onlineservices.wellsfargo.com/auth/static/wfa/css/images/new_search_corner.gif]
[onlineservices.wellsfargo.com/auth/static/wfa/css/images/btn_blueslice.gif]
[onlineservices.wellsfargo.com/auth/static/wfa/css/images/caret_header_left.gif]
[onlineservices.wellsfargo.com/auth/static/wfa/css/images/popover-arrow-up.png]
[onlineservices.wellsfargo.com/auth/static/wfa/css/images/popover-arrow-down.png]
[onlineservices.wellsfargo.com/auth/static/wfa/css/images/close_popup.png]
[onlineservices.wellsfargo.com/auth/static/wfa/css/signon_clean.min.css]
[onlineservices.wellsfargo.com/auth/static/scripts/conutils-6.2.2.js]
[onlineservices.wellsfargo.com/diresource/resource81d7.png]
[onlineservices.wellsfargo.com/auth/static/prefs/login-userprefs.min.js]
[onlineservices.wellsfargo.com/auth/static/scripts/jquery.js]
[onlineservices.wellsfargo.com/auth/static/scripts/popover.js]
[onlineservices.wellsfargo.com/auth/static/scripts/conutils-6.2.2.js]
[onlineservices.wellsfargo.com/auth/static/scripts/nudata.js]
[onlineservices.wellsfargo.com/auth/static/scripts/nudata.js]
